17:57:35,294 INFO SeBS-9125: Created experiment output at /home/zia/serverless-benchmarks/experiments/perf_cost-run2/azure/4_dynamic-html
17:57:35,529 INFO AzureConfig-8cec: Using cached config for Azure
17:57:35,529 INFO Azure-e5c4: Using existing resource name: 8bf1fd80.
17:57:37,914 INFO Benchmark-182b: Using cached benchmark 110.dynamic-html at /home/zia/serverless-benchmarks/experiments/perf_cost-run2/azure/cache/110.dynamic-html/azure/python/3.11/x64/package/code
17:57:37,915 INFO Azure-e5c4: Using cached function sebs-8bf1fd80-110-dynamic-html-python-3-11 in /home/zia/serverless-benchmarks/experiments/perf_cost-run2/azure/cache/110.dynamic-html/azure/python/3.11/x64/package/code
17:57:37,915 INFO Azure-e5c4: Cached function sebs-8bf1fd80-110-dynamic-html-python-3-11 is up to date.
17:57:37,915 INFO Experiment.PerfCost-974f: Begin experiment on memory size 128
17:57:38,131 INFO Azure-e5c4: Attempting publish of function sebs-8bf1fd80-110-dynamic-html-python-3-11
17:57:52,693 INFO Experiment.PerfCost-974f: Begin burst experiments
17:58:29,816 INFO Experiment.PerfCost-974f: Processed 0 warm-up samples, ignoring these results.
17:59:14,513 INFO Experiment.PerfCost-974f: Processed 25 samples out of 125, 0 errors
17:59:55,895 INFO Experiment.PerfCost-974f: Processed 50 samples out of 125, 0 errors
18:00:38,46 INFO Experiment.PerfCost-974f: Processed 75 samples out of 125, 0 errors
18:01:18,785 INFO Experiment.PerfCost-974f: Processed 100 samples out of 125, 0 errors
18:01:59,524 INFO Experiment.PerfCost-974f: Processed 125 samples out of 125, 0 errors
18:02:04,525 INFO Experiment.PerfCost-974f: Mean 7836.293024000001 [ms], median 7420.346 [ms], std 3164.9591424029863, CV 40.388473640658304
18:02:04,527 INFO Experiment.PerfCost-974f: Parametric CI (Student's t-distribution) 0.95 from 7273.738622257932 to 8398.847425742071, within 7.178833155155757% of mean
18:02:04,527 INFO Experiment.PerfCost-974f: Non-parametric CI 0.95 from 6746.486 to 8079.104, within 8.979486940366396% of median
18:02:04,528 INFO Experiment.PerfCost-974f: Parametric CI (Student's t-distribution) 0.99 from 7092.751980915113 to 8579.83406708489, within 9.48842827606964% of mean
18:02:04,528 INFO Experiment.PerfCost-974f: Non-parametric CI 0.99 from 6633.071 to 8885.32, within 15.176172377945717% of median
18:02:07,764 INFO Experiment.PerfCost-974f: Begin warm experiments
18:02:23,911 INFO Experiment.PerfCost-974f: Processed 0 warm-up samples, ignoring these results.
18:02:42,257 INFO Experiment.PerfCost-974f: Processed 25 samples out of 125, 0 errors
18:03:03,347 INFO Experiment.PerfCost-974f: Processed 50 samples out of 125, 0 errors
18:03:21,324 INFO Experiment.PerfCost-974f: Processed 75 samples out of 125, 0 errors
18:03:42,273 INFO Experiment.PerfCost-974f: Processed 100 samples out of 125, 0 errors
18:04:00,471 INFO Experiment.PerfCost-974f: Processed 125 samples out of 125, 0 errors
18:04:08,411 INFO Experiment.PerfCost-974f: Mean 7202.346072 [ms], median 7151.778 [ms], std 1782.0817696933266, CV 24.74307332469606
18:04:08,413 INFO Experiment.PerfCost-974f: Parametric CI (Student's t-distribution) 0.95 from 6885.590657886149 to 7519.101486113852, within 4.397947709639738% of mean
18:04:08,413 INFO Experiment.PerfCost-974f: Non-parametric CI 0.95 from 6949.646 to 7424.411, within 3.319209572780365% of median
18:04:08,414 INFO Experiment.PerfCost-974f: Parametric CI (Student's t-distribution) 0.99 from 6783.683183071109 to 7621.008960928892, within 5.812868261863929% of mean
18:04:08,414 INFO Experiment.PerfCost-974f: Non-parametric CI 0.99 from 6880.299 to 7475.222, within 4.159266408996474% of median
