21:26:21,122 INFO SeBS-b7ec: Created experiment output at /home/zia/serverless-benchmarks/experiments/perf_cost/aws/3_dynamic-html
21:26:21,759 INFO AWS.Resources-6007: Using cached resources for AWS
21:26:21,759 INFO AWS.Config-6f76: Using cached config for AWS
21:26:21,833 INFO AWS-b266: Using existing resource name: 3e0b343e.
21:26:21,839 INFO Benchmark-23da: Using cached benchmark 110.dynamic-html at /home/zia/serverless-benchmarks/experiments/perf_cost/aws/cache/110.dynamic-html/aws/python/3.11/x64/package/110.dynamic-html.zip
21:26:21,840 INFO AWS-b266: Using cached function sebs_3e0b343e_110_dynamic_html_python_3_11_x64 in /home/zia/serverless-benchmarks/experiments/perf_cost/aws/cache/110.dynamic-html/aws/python/3.11/x64/package/110.dynamic-html.zip
21:26:21,840 INFO AWS-b266: Cached function sebs_3e0b343e_110_dynamic_html_python_3_11_x64 is up to date.
21:26:21,840 INFO Experiment.PerfCost-c046: Begin experiment on memory size 128
21:26:22,467 INFO AWS-b266: Waiting for Lambda function to be updated...
21:26:23,638 INFO AWS-b266: Lambda function has been updated.
21:26:23,638 INFO AWS-b266: Updated code of sebs_3e0b343e_110_dynamic_html_python_3_11_x64 function. 
21:26:23,819 INFO AWS-b266: Waiting for Lambda function to be updated...
21:26:24,989 INFO AWS-b266: Lambda function has been updated.
21:26:24,989 INFO AWS-b266: Updated configuration of sebs_3e0b343e_110_dynamic_html_python_3_11_x64 function. 
21:26:24,990 INFO Experiment.PerfCost-c046: Begin cold experiments
21:26:25,282 INFO AWS-b266: Waiting for Lambda function to be updated...
21:26:26,451 INFO AWS-b266: Lambda function has been updated.
21:26:26,452 INFO AWS-b266: Updated configuration of sebs_3e0b343e_110_dynamic_html_python_3_11_x64 function. 
21:26:26,452 INFO AWS-b266: Sent function updates enforcing cold starts.
21:26:26,452 INFO AWS-b266: Waiting for Lambda function to be updated...
21:26:26,530 INFO AWS-b266: Lambda function has been updated.
21:26:26,530 INFO AWS-b266: Finished function updates enforcing cold starts.
21:26:36,304 INFO Experiment.PerfCost-c046: Processed 0 warm-up samples, ignoring these results.
21:26:41,605 INFO AWS-b266: Waiting for Lambda function to be updated...
21:26:42,771 INFO AWS-b266: Lambda function has been updated.
21:26:42,771 INFO AWS-b266: Updated configuration of sebs_3e0b343e_110_dynamic_html_python_3_11_x64 function. 
21:26:42,771 INFO AWS-b266: Sent function updates enforcing cold starts.
21:26:42,771 INFO AWS-b266: Waiting for Lambda function to be updated...
21:26:42,867 INFO AWS-b266: Lambda function has been updated.
21:26:42,867 INFO AWS-b266: Finished function updates enforcing cold starts.
21:26:55,557 INFO Experiment.PerfCost-c046: Processed 1 samples out of 50, 0 errors
21:27:00,848 INFO AWS-b266: Waiting for Lambda function to be updated...
21:27:02,11 INFO AWS-b266: Lambda function has been updated.
21:27:02,11 INFO AWS-b266: Updated configuration of sebs_3e0b343e_110_dynamic_html_python_3_11_x64 function. 
21:27:02,11 INFO AWS-b266: Sent function updates enforcing cold starts.
21:27:02,11 INFO AWS-b266: Waiting for Lambda function to be updated...
21:27:02,90 INFO AWS-b266: Lambda function has been updated.
21:27:02,90 INFO AWS-b266: Finished function updates enforcing cold starts.
21:27:11,804 INFO Experiment.PerfCost-c046: Processed 2 samples out of 50, 0 errors
21:27:17,95 INFO AWS-b266: Waiting for Lambda function to be updated...
21:27:18,265 INFO AWS-b266: Lambda function has been updated.
21:27:18,265 INFO AWS-b266: Updated configuration of sebs_3e0b343e_110_dynamic_html_python_3_11_x64 function. 
21:27:18,265 INFO AWS-b266: Sent function updates enforcing cold starts.
21:27:18,265 INFO AWS-b266: Waiting for Lambda function to be updated...
21:27:18,363 INFO AWS-b266: Lambda function has been updated.
21:27:18,364 INFO AWS-b266: Finished function updates enforcing cold starts.
21:27:30,320 INFO Experiment.PerfCost-c046: Processed 3 samples out of 50, 0 errors
21:27:35,604 INFO AWS-b266: Waiting for Lambda function to be updated...
21:27:36,774 INFO AWS-b266: Lambda function has been updated.
21:27:36,775 INFO AWS-b266: Updated configuration of sebs_3e0b343e_110_dynamic_html_python_3_11_x64 function. 
21:27:36,775 INFO AWS-b266: Sent function updates enforcing cold starts.
21:27:36,775 INFO AWS-b266: Waiting for Lambda function to be updated...
21:27:36,859 INFO AWS-b266: Lambda function has been updated.
21:27:36,859 INFO AWS-b266: Finished function updates enforcing cold starts.
21:27:46,693 INFO Experiment.PerfCost-c046: Processed 4 samples out of 50, 0 errors
21:27:51,998 INFO AWS-b266: Waiting for Lambda function to be updated...
21:27:53,179 INFO AWS-b266: Lambda function has been updated.
21:27:53,179 INFO AWS-b266: Updated configuration of sebs_3e0b343e_110_dynamic_html_python_3_11_x64 function. 
21:27:53,179 INFO AWS-b266: Sent function updates enforcing cold starts.
21:27:53,179 INFO AWS-b266: Waiting for Lambda function to be updated...
21:27:53,259 INFO AWS-b266: Lambda function has been updated.
21:27:53,259 INFO AWS-b266: Finished function updates enforcing cold starts.
21:28:05,943 INFO Experiment.PerfCost-c046: Processed 5 samples out of 50, 0 errors
21:28:11,234 INFO AWS-b266: Waiting for Lambda function to be updated...
21:28:12,393 INFO AWS-b266: Lambda function has been updated.
21:28:12,393 INFO AWS-b266: Updated configuration of sebs_3e0b343e_110_dynamic_html_python_3_11_x64 function. 
21:28:12,393 INFO AWS-b266: Sent function updates enforcing cold starts.
21:28:12,394 INFO AWS-b266: Waiting for Lambda function to be updated...
21:28:12,475 INFO AWS-b266: Lambda function has been updated.
21:28:12,475 INFO AWS-b266: Finished function updates enforcing cold starts.
21:28:22,225 INFO Experiment.PerfCost-c046: Processed 6 samples out of 50, 0 errors
21:28:27,503 INFO AWS-b266: Waiting for Lambda function to be updated...
21:28:28,669 INFO AWS-b266: Lambda function has been updated.
21:28:28,669 INFO AWS-b266: Updated configuration of sebs_3e0b343e_110_dynamic_html_python_3_11_x64 function. 
21:28:28,669 INFO AWS-b266: Sent function updates enforcing cold starts.
21:28:28,669 INFO AWS-b266: Waiting for Lambda function to be updated...
21:28:28,755 INFO AWS-b266: Lambda function has been updated.
21:28:28,755 INFO AWS-b266: Finished function updates enforcing cold starts.
21:28:41,477 INFO Experiment.PerfCost-c046: Processed 7 samples out of 50, 0 errors
21:28:46,771 INFO AWS-b266: Waiting for Lambda function to be updated...
21:28:47,936 INFO AWS-b266: Lambda function has been updated.
21:28:47,936 INFO AWS-b266: Updated configuration of sebs_3e0b343e_110_dynamic_html_python_3_11_x64 function. 
21:28:47,936 INFO AWS-b266: Sent function updates enforcing cold starts.
21:28:47,936 INFO AWS-b266: Waiting for Lambda function to be updated...
21:28:48,22 INFO AWS-b266: Lambda function has been updated.
21:28:48,22 INFO AWS-b266: Finished function updates enforcing cold starts.
21:28:58,638 INFO Experiment.PerfCost-c046: Processed 8 samples out of 50, 0 errors
21:29:03,935 INFO AWS-b266: Waiting for Lambda function to be updated...
21:29:05,110 INFO AWS-b266: Lambda function has been updated.
21:29:05,110 INFO AWS-b266: Updated configuration of sebs_3e0b343e_110_dynamic_html_python_3_11_x64 function. 
21:29:05,110 INFO AWS-b266: Sent function updates enforcing cold starts.
21:29:05,110 INFO AWS-b266: Waiting for Lambda function to be updated...
21:29:05,191 INFO AWS-b266: Lambda function has been updated.
21:29:05,191 INFO AWS-b266: Finished function updates enforcing cold starts.
21:29:17,404 INFO Experiment.PerfCost-c046: Processed 9 samples out of 50, 0 errors
21:29:22,703 INFO AWS-b266: Waiting for Lambda function to be updated...
21:29:23,866 INFO AWS-b266: Lambda function has been updated.
21:29:23,867 INFO AWS-b266: Updated configuration of sebs_3e0b343e_110_dynamic_html_python_3_11_x64 function. 
21:29:23,867 INFO AWS-b266: Sent function updates enforcing cold starts.
21:29:23,867 INFO AWS-b266: Waiting for Lambda function to be updated...
21:29:23,950 INFO AWS-b266: Lambda function has been updated.
21:29:23,950 INFO AWS-b266: Finished function updates enforcing cold starts.
21:29:33,201 INFO Experiment.PerfCost-c046: Processed 10 samples out of 50, 0 errors
21:29:38,491 INFO AWS-b266: Waiting for Lambda function to be updated...
21:29:39,654 INFO AWS-b266: Lambda function has been updated.
21:29:39,654 INFO AWS-b266: Updated configuration of sebs_3e0b343e_110_dynamic_html_python_3_11_x64 function. 
21:29:39,655 INFO AWS-b266: Sent function updates enforcing cold starts.
21:29:39,655 INFO AWS-b266: Waiting for Lambda function to be updated...
21:29:39,736 INFO AWS-b266: Lambda function has been updated.
21:29:39,736 INFO AWS-b266: Finished function updates enforcing cold starts.
21:29:52,565 INFO Experiment.PerfCost-c046: Processed 11 samples out of 50, 0 errors
21:29:57,852 INFO AWS-b266: Waiting for Lambda function to be updated...
21:29:59,6 INFO AWS-b266: Lambda function has been updated.
21:29:59,6 INFO AWS-b266: Updated configuration of sebs_3e0b343e_110_dynamic_html_python_3_11_x64 function. 
21:29:59,6 INFO AWS-b266: Sent function updates enforcing cold starts.
21:29:59,6 INFO AWS-b266: Waiting for Lambda function to be updated...
21:29:59,93 INFO AWS-b266: Lambda function has been updated.
21:29:59,93 INFO AWS-b266: Finished function updates enforcing cold starts.
21:30:10,66 INFO Experiment.PerfCost-c046: Processed 12 samples out of 50, 0 errors
21:30:15,408 INFO AWS-b266: Waiting for Lambda function to be updated...
21:30:16,575 INFO AWS-b266: Lambda function has been updated.
21:30:16,575 INFO AWS-b266: Updated configuration of sebs_3e0b343e_110_dynamic_html_python_3_11_x64 function. 
21:30:16,575 INFO AWS-b266: Sent function updates enforcing cold starts.
21:30:16,576 INFO AWS-b266: Waiting for Lambda function to be updated...
21:30:19,613 INFO AWS-b266: Lambda function has been updated.
21:30:19,613 INFO AWS-b266: Finished function updates enforcing cold starts.
21:30:29,540 INFO Experiment.PerfCost-c046: Processed 13 samples out of 50, 0 errors
21:30:34,850 INFO AWS-b266: Waiting for Lambda function to be updated...
21:30:36,19 INFO AWS-b266: Lambda function has been updated.
21:30:36,19 INFO AWS-b266: Updated configuration of sebs_3e0b343e_110_dynamic_html_python_3_11_x64 function. 
21:30:36,19 INFO AWS-b266: Sent function updates enforcing cold starts.
21:30:36,19 INFO AWS-b266: Waiting for Lambda function to be updated...
21:30:36,103 INFO AWS-b266: Lambda function has been updated.
21:30:36,103 INFO AWS-b266: Finished function updates enforcing cold starts.
21:30:45,365 INFO Experiment.PerfCost-c046: Processed 14 samples out of 50, 0 errors
21:30:50,680 INFO AWS-b266: Waiting for Lambda function to be updated...
21:30:54,781 INFO AWS-b266: Lambda function has been updated.
21:30:54,781 INFO AWS-b266: Updated configuration of sebs_3e0b343e_110_dynamic_html_python_3_11_x64 function. 
21:30:54,781 INFO AWS-b266: Sent function updates enforcing cold starts.
21:30:54,781 INFO AWS-b266: Waiting for Lambda function to be updated...
21:30:54,858 INFO AWS-b266: Lambda function has been updated.
21:30:54,858 INFO AWS-b266: Finished function updates enforcing cold starts.
21:31:04,929 INFO Experiment.PerfCost-c046: Processed 15 samples out of 50, 0 errors
21:31:10,209 INFO AWS-b266: Waiting for Lambda function to be updated...
21:31:11,375 INFO AWS-b266: Lambda function has been updated.
21:31:11,375 INFO AWS-b266: Updated configuration of sebs_3e0b343e_110_dynamic_html_python_3_11_x64 function. 
21:31:11,375 INFO AWS-b266: Sent function updates enforcing cold starts.
21:31:11,376 INFO AWS-b266: Waiting for Lambda function to be updated...
21:31:11,459 INFO AWS-b266: Lambda function has been updated.
21:31:11,460 INFO AWS-b266: Finished function updates enforcing cold starts.
21:31:21,415 INFO Experiment.PerfCost-c046: Processed 16 samples out of 50, 0 errors
21:31:26,709 INFO AWS-b266: Waiting for Lambda function to be updated...
21:31:30,804 INFO AWS-b266: Lambda function has been updated.
21:31:30,805 INFO AWS-b266: Updated configuration of sebs_3e0b343e_110_dynamic_html_python_3_11_x64 function. 
21:31:30,805 INFO AWS-b266: Sent function updates enforcing cold starts.
21:31:30,805 INFO AWS-b266: Waiting for Lambda function to be updated...
21:31:30,888 INFO AWS-b266: Lambda function has been updated.
21:31:30,888 INFO AWS-b266: Finished function updates enforcing cold starts.
21:31:40,928 INFO Experiment.PerfCost-c046: Processed 17 samples out of 50, 0 errors
21:31:46,235 INFO AWS-b266: Waiting for Lambda function to be updated...
21:31:47,393 INFO AWS-b266: Lambda function has been updated.
21:31:47,393 INFO AWS-b266: Updated configuration of sebs_3e0b343e_110_dynamic_html_python_3_11_x64 function. 
21:31:47,393 INFO AWS-b266: Sent function updates enforcing cold starts.
21:31:47,393 INFO AWS-b266: Waiting for Lambda function to be updated...
21:31:47,486 INFO AWS-b266: Lambda function has been updated.
21:31:47,486 INFO AWS-b266: Finished function updates enforcing cold starts.
21:31:58,863 INFO Experiment.PerfCost-c046: Processed 18 samples out of 50, 0 errors
21:32:07,79 INFO AWS-b266: Waiting for Lambda function to be updated...
21:32:08,239 INFO AWS-b266: Lambda function has been updated.
21:32:08,240 INFO AWS-b266: Updated configuration of sebs_3e0b343e_110_dynamic_html_python_3_11_x64 function. 
21:32:08,240 INFO AWS-b266: Sent function updates enforcing cold starts.
21:32:08,240 INFO AWS-b266: Waiting for Lambda function to be updated...
21:32:08,319 INFO AWS-b266: Lambda function has been updated.
21:32:08,319 INFO AWS-b266: Finished function updates enforcing cold starts.
21:32:18,613 INFO Experiment.PerfCost-c046: Processed 19 samples out of 50, 0 errors
21:32:23,909 INFO AWS-b266: Waiting for Lambda function to be updated...
21:32:25,76 INFO AWS-b266: Lambda function has been updated.
21:32:25,76 INFO AWS-b266: Updated configuration of sebs_3e0b343e_110_dynamic_html_python_3_11_x64 function. 
21:32:25,76 INFO AWS-b266: Sent function updates enforcing cold starts.
21:32:25,76 INFO AWS-b266: Waiting for Lambda function to be updated...
21:32:25,164 INFO AWS-b266: Lambda function has been updated.
21:32:25,164 INFO AWS-b266: Finished function updates enforcing cold starts.
21:32:35,812 INFO Experiment.PerfCost-c046: Processed 20 samples out of 50, 0 errors
21:32:44,44 INFO AWS-b266: Waiting for Lambda function to be updated...
21:32:45,225 INFO AWS-b266: Lambda function has been updated.
21:32:45,225 INFO AWS-b266: Updated configuration of sebs_3e0b343e_110_dynamic_html_python_3_11_x64 function. 
21:32:45,225 INFO AWS-b266: Sent function updates enforcing cold starts.
21:32:45,225 INFO AWS-b266: Waiting for Lambda function to be updated...
21:32:45,308 INFO AWS-b266: Lambda function has been updated.
21:32:45,308 INFO AWS-b266: Finished function updates enforcing cold starts.
21:32:55,174 INFO Experiment.PerfCost-c046: Processed 21 samples out of 50, 0 errors
21:33:00,470 INFO AWS-b266: Waiting for Lambda function to be updated...
21:33:01,636 INFO AWS-b266: Lambda function has been updated.
21:33:01,637 INFO AWS-b266: Updated configuration of sebs_3e0b343e_110_dynamic_html_python_3_11_x64 function. 
21:33:01,637 INFO AWS-b266: Sent function updates enforcing cold starts.
21:33:01,637 INFO AWS-b266: Waiting for Lambda function to be updated...
21:33:01,720 INFO AWS-b266: Lambda function has been updated.
21:33:01,721 INFO AWS-b266: Finished function updates enforcing cold starts.
21:33:11,848 INFO Experiment.PerfCost-c046: Processed 22 samples out of 50, 0 errors
21:33:20,79 INFO AWS-b266: Waiting for Lambda function to be updated...
21:33:21,289 INFO AWS-b266: Lambda function has been updated.
21:33:21,289 INFO AWS-b266: Updated configuration of sebs_3e0b343e_110_dynamic_html_python_3_11_x64 function. 
21:33:21,289 INFO AWS-b266: Sent function updates enforcing cold starts.
21:33:21,289 INFO AWS-b266: Waiting for Lambda function to be updated...
21:33:21,373 INFO AWS-b266: Lambda function has been updated.
21:33:21,373 INFO AWS-b266: Finished function updates enforcing cold starts.
21:33:31,67 INFO Experiment.PerfCost-c046: Processed 23 samples out of 50, 0 errors
21:33:36,388 INFO AWS-b266: Waiting for Lambda function to be updated...
21:33:37,550 INFO AWS-b266: Lambda function has been updated.
21:33:37,550 INFO AWS-b266: Updated configuration of sebs_3e0b343e_110_dynamic_html_python_3_11_x64 function. 
21:33:37,550 INFO AWS-b266: Sent function updates enforcing cold starts.
21:33:37,550 INFO AWS-b266: Waiting for Lambda function to be updated...
21:33:37,630 INFO AWS-b266: Lambda function has been updated.
21:33:37,630 INFO AWS-b266: Finished function updates enforcing cold starts.
21:33:47,618 INFO Experiment.PerfCost-c046: Processed 24 samples out of 50, 0 errors
21:33:55,839 INFO AWS-b266: Waiting for Lambda function to be updated...
21:33:56,997 INFO AWS-b266: Lambda function has been updated.
21:33:56,997 INFO AWS-b266: Updated configuration of sebs_3e0b343e_110_dynamic_html_python_3_11_x64 function. 
21:33:56,997 INFO AWS-b266: Sent function updates enforcing cold starts.
21:33:56,997 INFO AWS-b266: Waiting for Lambda function to be updated...
21:33:57,77 INFO AWS-b266: Lambda function has been updated.
21:33:57,77 INFO AWS-b266: Finished function updates enforcing cold starts.
21:34:06,927 INFO Experiment.PerfCost-c046: Processed 25 samples out of 50, 0 errors
21:34:12,225 INFO AWS-b266: Waiting for Lambda function to be updated...
21:34:13,392 INFO AWS-b266: Lambda function has been updated.
21:34:13,392 INFO AWS-b266: Updated configuration of sebs_3e0b343e_110_dynamic_html_python_3_11_x64 function. 
21:34:13,392 INFO AWS-b266: Sent function updates enforcing cold starts.
21:34:13,392 INFO AWS-b266: Waiting for Lambda function to be updated...
21:34:13,472 INFO AWS-b266: Lambda function has been updated.
21:34:13,473 INFO AWS-b266: Finished function updates enforcing cold starts.
21:34:26,208 INFO Experiment.PerfCost-c046: Processed 26 samples out of 50, 0 errors
21:34:31,504 INFO AWS-b266: Waiting for Lambda function to be updated...
21:34:32,670 INFO AWS-b266: Lambda function has been updated.
21:34:32,670 INFO AWS-b266: Updated configuration of sebs_3e0b343e_110_dynamic_html_python_3_11_x64 function. 
21:34:32,670 INFO AWS-b266: Sent function updates enforcing cold starts.
21:34:32,671 INFO AWS-b266: Waiting for Lambda function to be updated...
21:34:32,749 INFO AWS-b266: Lambda function has been updated.
21:34:32,749 INFO AWS-b266: Finished function updates enforcing cold starts.
21:34:42,5 INFO Experiment.PerfCost-c046: Processed 27 samples out of 50, 0 errors
21:34:47,312 INFO AWS-b266: Waiting for Lambda function to be updated...
21:34:48,472 INFO AWS-b266: Lambda function has been updated.
21:34:48,472 INFO AWS-b266: Updated configuration of sebs_3e0b343e_110_dynamic_html_python_3_11_x64 function. 
21:34:48,472 INFO AWS-b266: Sent function updates enforcing cold starts.
21:34:48,472 INFO AWS-b266: Waiting for Lambda function to be updated...
21:34:48,552 INFO AWS-b266: Lambda function has been updated.
21:34:48,552 INFO AWS-b266: Finished function updates enforcing cold starts.
21:35:01,327 INFO Experiment.PerfCost-c046: Processed 28 samples out of 50, 0 errors
21:35:06,608 INFO AWS-b266: Waiting for Lambda function to be updated...
21:35:07,772 INFO AWS-b266: Lambda function has been updated.
21:35:07,772 INFO AWS-b266: Updated configuration of sebs_3e0b343e_110_dynamic_html_python_3_11_x64 function. 
21:35:07,773 INFO AWS-b266: Sent function updates enforcing cold starts.
21:35:07,773 INFO AWS-b266: Waiting for Lambda function to be updated...
21:35:07,850 INFO AWS-b266: Lambda function has been updated.
21:35:07,850 INFO AWS-b266: Finished function updates enforcing cold starts.
21:35:17,647 INFO Experiment.PerfCost-c046: Processed 29 samples out of 50, 0 errors
21:35:22,939 INFO AWS-b266: Waiting for Lambda function to be updated...
21:35:24,102 INFO AWS-b266: Lambda function has been updated.
21:35:24,102 INFO AWS-b266: Updated configuration of sebs_3e0b343e_110_dynamic_html_python_3_11_x64 function. 
21:35:24,103 INFO AWS-b266: Sent function updates enforcing cold starts.
21:35:24,103 INFO AWS-b266: Waiting for Lambda function to be updated...
21:35:24,193 INFO AWS-b266: Lambda function has been updated.
21:35:24,193 INFO AWS-b266: Finished function updates enforcing cold starts.
21:35:36,884 INFO Experiment.PerfCost-c046: Processed 30 samples out of 50, 0 errors
21:35:42,199 INFO AWS-b266: Waiting for Lambda function to be updated...
21:35:43,366 INFO AWS-b266: Lambda function has been updated.
21:35:43,366 INFO AWS-b266: Updated configuration of sebs_3e0b343e_110_dynamic_html_python_3_11_x64 function. 
21:35:43,366 INFO AWS-b266: Sent function updates enforcing cold starts.
21:35:43,366 INFO AWS-b266: Waiting for Lambda function to be updated...
21:35:43,447 INFO AWS-b266: Lambda function has been updated.
21:35:43,447 INFO AWS-b266: Finished function updates enforcing cold starts.
21:35:53,304 INFO Experiment.PerfCost-c046: Processed 31 samples out of 50, 0 errors
21:35:58,594 INFO AWS-b266: Waiting for Lambda function to be updated...
21:35:59,798 INFO AWS-b266: Lambda function has been updated.
21:35:59,798 INFO AWS-b266: Updated configuration of sebs_3e0b343e_110_dynamic_html_python_3_11_x64 function. 
21:35:59,798 INFO AWS-b266: Sent function updates enforcing cold starts.
21:35:59,798 INFO AWS-b266: Waiting for Lambda function to be updated...
21:35:59,881 INFO AWS-b266: Lambda function has been updated.
21:35:59,881 INFO AWS-b266: Finished function updates enforcing cold starts.
21:36:09,939 INFO Experiment.PerfCost-c046: Processed 32 samples out of 50, 0 errors
21:36:15,268 INFO AWS-b266: Waiting for Lambda function to be updated...
21:36:16,430 INFO AWS-b266: Lambda function has been updated.
21:36:16,430 INFO AWS-b266: Updated configuration of sebs_3e0b343e_110_dynamic_html_python_3_11_x64 function. 
21:36:16,430 INFO AWS-b266: Sent function updates enforcing cold starts.
21:36:16,430 INFO AWS-b266: Waiting for Lambda function to be updated...
21:36:16,516 INFO AWS-b266: Lambda function has been updated.
21:36:16,516 INFO AWS-b266: Finished function updates enforcing cold starts.
21:36:30,822 INFO Experiment.PerfCost-c046: Processed 33 samples out of 50, 0 errors
21:36:36,114 INFO AWS-b266: Waiting for Lambda function to be updated...
21:36:37,280 INFO AWS-b266: Lambda function has been updated.
21:36:37,280 INFO AWS-b266: Updated configuration of sebs_3e0b343e_110_dynamic_html_python_3_11_x64 function. 
21:36:37,280 INFO AWS-b266: Sent function updates enforcing cold starts.
21:36:37,280 INFO AWS-b266: Waiting for Lambda function to be updated...
21:36:37,362 INFO AWS-b266: Lambda function has been updated.
21:36:37,362 INFO AWS-b266: Finished function updates enforcing cold starts.
21:36:47,319 INFO Experiment.PerfCost-c046: Processed 34 samples out of 50, 0 errors
21:36:52,615 INFO AWS-b266: Waiting for Lambda function to be updated...
21:36:53,783 INFO AWS-b266: Lambda function has been updated.
21:36:53,783 INFO AWS-b266: Updated configuration of sebs_3e0b343e_110_dynamic_html_python_3_11_x64 function. 
21:36:53,783 INFO AWS-b266: Sent function updates enforcing cold starts.
21:36:53,783 INFO AWS-b266: Waiting for Lambda function to be updated...
21:36:53,870 INFO AWS-b266: Lambda function has been updated.
21:36:53,871 INFO AWS-b266: Finished function updates enforcing cold starts.
21:37:06,724 INFO Experiment.PerfCost-c046: Processed 35 samples out of 50, 0 errors
21:37:12,22 INFO AWS-b266: Waiting for Lambda function to be updated...
21:37:13,181 INFO AWS-b266: Lambda function has been updated.
21:37:13,181 INFO AWS-b266: Updated configuration of sebs_3e0b343e_110_dynamic_html_python_3_11_x64 function. 
21:37:13,181 INFO AWS-b266: Sent function updates enforcing cold starts.
21:37:13,181 INFO AWS-b266: Waiting for Lambda function to be updated...
21:37:13,259 INFO AWS-b266: Lambda function has been updated.
21:37:13,259 INFO AWS-b266: Finished function updates enforcing cold starts.
21:37:23,37 INFO Experiment.PerfCost-c046: Processed 36 samples out of 50, 0 errors
21:37:28,342 INFO AWS-b266: Waiting for Lambda function to be updated...
21:37:29,506 INFO AWS-b266: Lambda function has been updated.
21:37:29,507 INFO AWS-b266: Updated configuration of sebs_3e0b343e_110_dynamic_html_python_3_11_x64 function. 
21:37:29,507 INFO AWS-b266: Sent function updates enforcing cold starts.
21:37:29,507 INFO AWS-b266: Waiting for Lambda function to be updated...
21:37:29,595 INFO AWS-b266: Lambda function has been updated.
21:37:29,595 INFO AWS-b266: Finished function updates enforcing cold starts.
21:37:42,344 INFO Experiment.PerfCost-c046: Processed 37 samples out of 50, 0 errors
21:37:47,624 INFO AWS-b266: Waiting for Lambda function to be updated...
21:37:48,790 INFO AWS-b266: Lambda function has been updated.
21:37:48,790 INFO AWS-b266: Updated configuration of sebs_3e0b343e_110_dynamic_html_python_3_11_x64 function. 
21:37:48,790 INFO AWS-b266: Sent function updates enforcing cold starts.
21:37:48,790 INFO AWS-b266: Waiting for Lambda function to be updated...
21:37:48,876 INFO AWS-b266: Lambda function has been updated.
21:37:48,876 INFO AWS-b266: Finished function updates enforcing cold starts.
21:37:58,699 INFO Experiment.PerfCost-c046: Processed 38 samples out of 50, 0 errors
21:38:03,995 INFO AWS-b266: Waiting for Lambda function to be updated...
21:38:05,171 INFO AWS-b266: Lambda function has been updated.
21:38:05,171 INFO AWS-b266: Updated configuration of sebs_3e0b343e_110_dynamic_html_python_3_11_x64 function. 
21:38:05,171 INFO AWS-b266: Sent function updates enforcing cold starts.
21:38:05,171 INFO AWS-b266: Waiting for Lambda function to be updated...
21:38:05,251 INFO AWS-b266: Lambda function has been updated.
21:38:05,251 INFO AWS-b266: Finished function updates enforcing cold starts.
21:38:18,67 INFO Experiment.PerfCost-c046: Processed 39 samples out of 50, 0 errors
21:38:23,368 INFO AWS-b266: Waiting for Lambda function to be updated...
21:38:24,559 INFO AWS-b266: Lambda function has been updated.
21:38:24,559 INFO AWS-b266: Updated configuration of sebs_3e0b343e_110_dynamic_html_python_3_11_x64 function. 
21:38:24,559 INFO AWS-b266: Sent function updates enforcing cold starts.
21:38:24,560 INFO AWS-b266: Waiting for Lambda function to be updated...
21:38:24,639 INFO AWS-b266: Lambda function has been updated.
21:38:24,639 INFO AWS-b266: Finished function updates enforcing cold starts.
21:38:34,418 INFO Experiment.PerfCost-c046: Processed 40 samples out of 50, 0 errors
21:38:39,699 INFO AWS-b266: Waiting for Lambda function to be updated...
21:38:40,860 INFO AWS-b266: Lambda function has been updated.
21:38:40,860 INFO AWS-b266: Updated configuration of sebs_3e0b343e_110_dynamic_html_python_3_11_x64 function. 
21:38:40,860 INFO AWS-b266: Sent function updates enforcing cold starts.
21:38:40,860 INFO AWS-b266: Waiting for Lambda function to be updated...
21:38:40,941 INFO AWS-b266: Lambda function has been updated.
21:38:40,941 INFO AWS-b266: Finished function updates enforcing cold starts.
21:38:53,804 INFO Experiment.PerfCost-c046: Processed 41 samples out of 50, 0 errors
21:38:59,125 INFO AWS-b266: Waiting for Lambda function to be updated...
21:39:00,284 INFO AWS-b266: Lambda function has been updated.
21:39:00,284 INFO AWS-b266: Updated configuration of sebs_3e0b343e_110_dynamic_html_python_3_11_x64 function. 
21:39:00,284 INFO AWS-b266: Sent function updates enforcing cold starts.
21:39:00,284 INFO AWS-b266: Waiting for Lambda function to be updated...
21:39:00,364 INFO AWS-b266: Lambda function has been updated.
21:39:00,364 INFO AWS-b266: Finished function updates enforcing cold starts.
21:39:10,215 INFO Experiment.PerfCost-c046: Processed 42 samples out of 50, 0 errors
21:39:15,532 INFO AWS-b266: Waiting for Lambda function to be updated...
21:39:16,689 INFO AWS-b266: Lambda function has been updated.
21:39:16,689 INFO AWS-b266: Updated configuration of sebs_3e0b343e_110_dynamic_html_python_3_11_x64 function. 
21:39:16,690 INFO AWS-b266: Sent function updates enforcing cold starts.
21:39:16,690 INFO AWS-b266: Waiting for Lambda function to be updated...
21:39:16,773 INFO AWS-b266: Lambda function has been updated.
21:39:16,774 INFO AWS-b266: Finished function updates enforcing cold starts.
21:39:26,656 INFO Experiment.PerfCost-c046: Processed 43 samples out of 50, 0 errors
21:39:31,961 INFO AWS-b266: Waiting for Lambda function to be updated...
21:39:33,125 INFO AWS-b266: Lambda function has been updated.
21:39:33,126 INFO AWS-b266: Updated configuration of sebs_3e0b343e_110_dynamic_html_python_3_11_x64 function. 
21:39:33,126 INFO AWS-b266: Sent function updates enforcing cold starts.
21:39:33,126 INFO AWS-b266: Waiting for Lambda function to be updated...
21:39:33,206 INFO AWS-b266: Lambda function has been updated.
21:39:33,206 INFO AWS-b266: Finished function updates enforcing cold starts.
21:39:47,365 INFO Experiment.PerfCost-c046: Processed 44 samples out of 50, 0 errors
21:39:52,700 INFO AWS-b266: Waiting for Lambda function to be updated...
21:39:53,883 INFO AWS-b266: Lambda function has been updated.
21:39:53,883 INFO AWS-b266: Updated configuration of sebs_3e0b343e_110_dynamic_html_python_3_11_x64 function. 
21:39:53,883 INFO AWS-b266: Sent function updates enforcing cold starts.
21:39:53,883 INFO AWS-b266: Waiting for Lambda function to be updated...
21:39:53,967 INFO AWS-b266: Lambda function has been updated.
21:39:53,967 INFO AWS-b266: Finished function updates enforcing cold starts.
21:40:03,679 INFO Experiment.PerfCost-c046: Processed 45 samples out of 50, 0 errors
21:40:08,986 INFO AWS-b266: Waiting for Lambda function to be updated...
21:40:10,152 INFO AWS-b266: Lambda function has been updated.
21:40:10,153 INFO AWS-b266: Updated configuration of sebs_3e0b343e_110_dynamic_html_python_3_11_x64 function. 
21:40:10,153 INFO AWS-b266: Sent function updates enforcing cold starts.
21:40:10,153 INFO AWS-b266: Waiting for Lambda function to be updated...
21:40:10,236 INFO AWS-b266: Lambda function has been updated.
21:40:10,236 INFO AWS-b266: Finished function updates enforcing cold starts.
21:40:22,874 INFO Experiment.PerfCost-c046: Processed 46 samples out of 50, 0 errors
21:40:28,177 INFO AWS-b266: Waiting for Lambda function to be updated...
21:40:29,340 INFO AWS-b266: Lambda function has been updated.
21:40:29,341 INFO AWS-b266: Updated configuration of sebs_3e0b343e_110_dynamic_html_python_3_11_x64 function. 
21:40:29,341 INFO AWS-b266: Sent function updates enforcing cold starts.
21:40:29,341 INFO AWS-b266: Waiting for Lambda function to be updated...
21:40:29,423 INFO AWS-b266: Lambda function has been updated.
21:40:29,423 INFO AWS-b266: Finished function updates enforcing cold starts.
21:40:39,346 INFO Experiment.PerfCost-c046: Processed 47 samples out of 50, 0 errors
21:40:44,632 INFO AWS-b266: Waiting for Lambda function to be updated...
21:40:45,791 INFO AWS-b266: Lambda function has been updated.
21:40:45,791 INFO AWS-b266: Updated configuration of sebs_3e0b343e_110_dynamic_html_python_3_11_x64 function. 
21:40:45,791 INFO AWS-b266: Sent function updates enforcing cold starts.
21:40:45,791 INFO AWS-b266: Waiting for Lambda function to be updated...
21:40:45,882 INFO AWS-b266: Lambda function has been updated.
21:40:45,882 INFO AWS-b266: Finished function updates enforcing cold starts.
21:40:58,905 INFO Experiment.PerfCost-c046: Processed 48 samples out of 50, 0 errors
21:41:04,207 INFO AWS-b266: Waiting for Lambda function to be updated...
21:41:05,373 INFO AWS-b266: Lambda function has been updated.
21:41:05,373 INFO AWS-b266: Updated configuration of sebs_3e0b343e_110_dynamic_html_python_3_11_x64 function. 
21:41:05,373 INFO AWS-b266: Sent function updates enforcing cold starts.
21:41:05,374 INFO AWS-b266: Waiting for Lambda function to be updated...
21:41:05,456 INFO AWS-b266: Lambda function has been updated.
21:41:05,456 INFO AWS-b266: Finished function updates enforcing cold starts.
21:41:15,406 INFO Experiment.PerfCost-c046: Processed 49 samples out of 50, 0 errors
21:41:20,682 INFO AWS-b266: Waiting for Lambda function to be updated...
21:41:21,847 INFO AWS-b266: Lambda function has been updated.
21:41:21,848 INFO AWS-b266: Updated configuration of sebs_3e0b343e_110_dynamic_html_python_3_11_x64 function. 
21:41:21,848 INFO AWS-b266: Sent function updates enforcing cold starts.
21:41:21,848 INFO AWS-b266: Waiting for Lambda function to be updated...
21:41:21,930 INFO AWS-b266: Lambda function has been updated.
21:41:21,930 INFO AWS-b266: Finished function updates enforcing cold starts.
21:41:34,675 INFO Experiment.PerfCost-c046: Processed 50 samples out of 50, 0 errors
21:41:39,679 INFO Experiment.PerfCost-c046: Mean 5323.37732 [ms], median 4877.5075 [ms], std 1156.5794997051164, CV 21.72642347480859
21:41:39,680 INFO Experiment.PerfCost-c046: Parametric CI (Student's t-distribution) 0.95 from 4991.343959660181 to 5655.410680339818, within 6.237268943765543% of mean
21:41:39,680 INFO Experiment.PerfCost-c046: Non-parametric CI 0.95 from 4823.265 to 5029.549, within 2.1146456463675314% of median
21:41:39,681 INFO Experiment.PerfCost-c046: Parametric CI (Student's t-distribution) 0.99 from 4880.580532443354 to 5766.174107556645, within 8.317967353038307% of mean
21:41:39,681 INFO Experiment.PerfCost-c046: Non-parametric CI 0.99 from 4785.868 to 5083.648, within 3.0525837223212857% of median
21:41:40,893 INFO Experiment.PerfCost-c046: Begin warm experiments
21:41:49,239 INFO Experiment.PerfCost-c046: Processed 0 warm-up samples, ignoring these results.
21:42:02,377 INFO Experiment.PerfCost-c046: Processed 1 samples out of 50, 0 errors
21:42:15,545 INFO Experiment.PerfCost-c046: Processed 2 samples out of 50, 0 errors
21:42:28,685 INFO Experiment.PerfCost-c046: Processed 3 samples out of 50, 0 errors
21:42:41,804 INFO Experiment.PerfCost-c046: Processed 4 samples out of 50, 0 errors
21:43:01,965 INFO Experiment.PerfCost-c046: Processed 5 samples out of 50, 0 errors
21:43:15,66 INFO Experiment.PerfCost-c046: Processed 6 samples out of 50, 0 errors
21:43:31,223 INFO Experiment.PerfCost-c046: Processed 7 samples out of 50, 0 errors
21:43:44,379 INFO Experiment.PerfCost-c046: Processed 8 samples out of 50, 0 errors
21:43:57,532 INFO Experiment.PerfCost-c046: Processed 9 samples out of 50, 0 errors
21:44:13,602 INFO Experiment.PerfCost-c046: Processed 10 samples out of 50, 0 errors
21:44:26,754 INFO Experiment.PerfCost-c046: Processed 11 samples out of 50, 0 errors
21:44:42,871 INFO Experiment.PerfCost-c046: Processed 12 samples out of 50, 0 errors
21:44:56,27 INFO Experiment.PerfCost-c046: Processed 13 samples out of 50, 0 errors
21:45:12,229 INFO Experiment.PerfCost-c046: Processed 14 samples out of 50, 0 errors
21:45:25,421 INFO Experiment.PerfCost-c046: Processed 15 samples out of 50, 0 errors
21:45:38,616 INFO Experiment.PerfCost-c046: Processed 16 samples out of 50, 0 errors
21:45:54,776 INFO Experiment.PerfCost-c046: Processed 17 samples out of 50, 0 errors
21:46:08,22 INFO Experiment.PerfCost-c046: Processed 18 samples out of 50, 0 errors
21:46:24,140 INFO Experiment.PerfCost-c046: Processed 19 samples out of 50, 0 errors
21:46:37,338 INFO Experiment.PerfCost-c046: Processed 20 samples out of 50, 0 errors
21:46:50,588 INFO Experiment.PerfCost-c046: Processed 21 samples out of 50, 0 errors
21:47:06,759 INFO Experiment.PerfCost-c046: Processed 22 samples out of 50, 0 errors
21:47:19,933 INFO Experiment.PerfCost-c046: Processed 23 samples out of 50, 0 errors
21:47:36,73 INFO Experiment.PerfCost-c046: Processed 24 samples out of 50, 0 errors
21:47:49,304 INFO Experiment.PerfCost-c046: Processed 25 samples out of 50, 0 errors
21:48:02,455 INFO Experiment.PerfCost-c046: Processed 26 samples out of 50, 0 errors
21:48:18,529 INFO Experiment.PerfCost-c046: Processed 27 samples out of 50, 0 errors
21:48:31,705 INFO Experiment.PerfCost-c046: Processed 28 samples out of 50, 0 errors
21:48:47,829 INFO Experiment.PerfCost-c046: Processed 29 samples out of 50, 0 errors
21:49:00,993 INFO Experiment.PerfCost-c046: Processed 30 samples out of 50, 0 errors
21:49:14,161 INFO Experiment.PerfCost-c046: Processed 31 samples out of 50, 0 errors
21:49:30,205 INFO Experiment.PerfCost-c046: Processed 32 samples out of 50, 0 errors
21:49:43,322 INFO Experiment.PerfCost-c046: Processed 33 samples out of 50, 0 errors
21:49:59,403 INFO Experiment.PerfCost-c046: Processed 34 samples out of 50, 0 errors
21:50:12,513 INFO Experiment.PerfCost-c046: Processed 35 samples out of 50, 0 errors
21:50:28,694 INFO Experiment.PerfCost-c046: Processed 36 samples out of 50, 0 errors
21:50:41,925 INFO Experiment.PerfCost-c046: Processed 37 samples out of 50, 0 errors
21:50:55,159 INFO Experiment.PerfCost-c046: Processed 38 samples out of 50, 0 errors
21:51:11,288 INFO Experiment.PerfCost-c046: Processed 39 samples out of 50, 0 errors
21:51:24,559 INFO Experiment.PerfCost-c046: Processed 40 samples out of 50, 0 errors
21:51:37,714 INFO Experiment.PerfCost-c046: Processed 41 samples out of 50, 0 errors
21:51:50,843 INFO Experiment.PerfCost-c046: Processed 42 samples out of 50, 0 errors
21:52:04,31 INFO Experiment.PerfCost-c046: Processed 43 samples out of 50, 0 errors
21:52:23,357 INFO Experiment.PerfCost-c046: Processed 44 samples out of 50, 0 errors
21:52:36,474 INFO Experiment.PerfCost-c046: Processed 45 samples out of 50, 0 errors
21:52:49,657 INFO Experiment.PerfCost-c046: Processed 46 samples out of 50, 0 errors
21:53:02,907 INFO Experiment.PerfCost-c046: Processed 47 samples out of 50, 0 errors
21:53:20,433 INFO Experiment.PerfCost-c046: Processed 48 samples out of 50, 0 errors
21:53:33,614 INFO Experiment.PerfCost-c046: Processed 49 samples out of 50, 0 errors
21:53:46,801 INFO Experiment.PerfCost-c046: Processed 50 samples out of 50, 0 errors
21:53:51,806 INFO Experiment.PerfCost-c046: Mean 3342.0987200000004 [ms], median 3163.4535 [ms], std 711.772175148707, CV 21.29716189678284
21:53:51,807 INFO Experiment.PerfCost-c046: Parametric CI (Student's t-distribution) 0.95 from 3137.7616146205064 to 3546.4358253794944, within 6.11403559555817% of mean
21:53:51,807 INFO Experiment.PerfCost-c046: Non-parametric CI 0.95 from 3145.557 to 3183.877, within 0.6056671925160297% of median
21:53:51,808 INFO Experiment.PerfCost-c046: Parametric CI (Student's t-distribution) 0.99 from 3069.596542062029 to 3614.6008979379717, within 8.153624436861975% of mean
21:53:51,808 INFO Experiment.PerfCost-c046: Non-parametric CI 0.99 from 3141.615 to 3198.671, within 0.9017992519883734% of median
