22:22:30,708 INFO SeBS-e911: Created experiment output at /home/zia/serverless-benchmarks/experiments/perf_cost/gcp/3_dynamic-html
22:22:30,910 INFO GCPResources-4173: Using cached resources for GCP
22:22:30,910 INFO GCPConfig-ac02: Loading cached config for GCP
22:22:31,336 INFO GCP-c16b: Using existing resource name: d9b9fac8.
22:22:31,338 INFO Benchmark-312a: Using cached benchmark 110.dynamic-html at /home/zia/serverless-benchmarks/experiments/perf_cost/gcp/cache/110.dynamic-html/gcp/python/3.11/x64/package/110.dynamic-html.zip
22:22:31,338 INFO GCP-c16b: Using cached function sebs_d9b9fac8_110_dynamic_html_python_3_11 in /home/zia/serverless-benchmarks/experiments/perf_cost/gcp/cache/110.dynamic-html/gcp/python/3.11/x64/package/110.dynamic-html.zip
22:22:31,338 INFO GCP-c16b: Cached function sebs_d9b9fac8_110_dynamic_html_python_3_11 is up to date.
22:22:31,339 INFO Experiment.PerfCost-a6e3: Begin experiment on memory size 128
22:22:32,307 INFO GCP-c16b: Uploaded new code package to sebs-deployment-d9b9fac8/x64-110.dynamic-html.zip
22:23:30,657 INFO GCP-c16b: Waiting for function deployment, 10 retries.
22:23:30,881 INFO GCP-c16b: Published new function code and configuration.
22:23:30,882 INFO Experiment.PerfCost-a6e3: Begin cold experiments
22:24:21,74 INFO GCP-c16b: Published new function configuration.
22:24:21,163 INFO GCP-c16b: Redeployed 1 out of 1
22:24:40,630 INFO Experiment.PerfCost-a6e3: Processed 0 warm-up samples, ignoring these results.
22:25:43,824 INFO GCP-c16b: Waiting for function deployment, 10 retries.
22:25:54,98 INFO GCP-c16b: Published new function configuration.
22:25:54,191 INFO GCP-c16b: Redeployed 1 out of 1
22:26:02,683 INFO Experiment.PerfCost-a6e3: Processed 1 samples out of 50, 1 errors
22:27:05,361 INFO GCP-c16b: Waiting for function deployment, 10 retries.
22:27:15,791 INFO GCP-c16b: Published new function configuration.
22:27:15,878 INFO GCP-c16b: Redeployed 1 out of 1
22:27:24,290 INFO Experiment.PerfCost-a6e3: Processed 2 samples out of 50, 1 errors
22:28:26,667 INFO GCP-c16b: Waiting for function deployment, 10 retries.
22:28:39,860 INFO GCP-c16b: Published new function configuration.
22:28:39,943 INFO GCP-c16b: Redeployed 1 out of 1
22:28:48,323 INFO Experiment.PerfCost-a6e3: Processed 3 samples out of 50, 1 errors
22:29:51,23 INFO GCP-c16b: Waiting for function deployment, 10 retries.
22:30:01,279 INFO GCP-c16b: Published new function configuration.
22:30:01,363 INFO GCP-c16b: Redeployed 1 out of 1
22:30:09,868 INFO Experiment.PerfCost-a6e3: Processed 4 samples out of 50, 1 errors
22:31:12,500 INFO GCP-c16b: Waiting for function deployment, 10 retries.
22:31:28,7 INFO GCP-c16b: Published new function configuration.
22:31:28,95 INFO GCP-c16b: Redeployed 1 out of 1
22:31:39,899 INFO Experiment.PerfCost-a6e3: Processed 5 samples out of 50, 1 errors
22:32:39,295 INFO GCP-c16b: Waiting for function deployment, 10 retries.
22:32:39,386 INFO GCP-c16b: Published new function configuration.
22:32:39,669 INFO GCP-c16b: Redeployed 1 out of 1
22:32:51,66 INFO Experiment.PerfCost-a6e3: Processed 6 samples out of 50, 1 errors
22:33:51,914 INFO GCP-c16b: Waiting for function deployment, 10 retries.
22:33:51,999 INFO GCP-c16b: Published new function configuration.
22:33:52,80 INFO GCP-c16b: Redeployed 1 out of 1
22:34:00,985 INFO Experiment.PerfCost-a6e3: Processed 7 samples out of 50, 1 errors
22:35:03,230 INFO GCP-c16b: Waiting for function deployment, 10 retries.
22:35:03,325 INFO GCP-c16b: Published new function configuration.
22:35:03,425 INFO GCP-c16b: Redeployed 1 out of 1
22:35:11,703 INFO Experiment.PerfCost-a6e3: Processed 8 samples out of 50, 1 errors
22:36:13,988 INFO GCP-c16b: Waiting for function deployment, 10 retries.
22:36:19,167 INFO GCP-c16b: Published new function configuration.
22:36:19,251 INFO GCP-c16b: Redeployed 1 out of 1
22:36:27,546 INFO Experiment.PerfCost-a6e3: Processed 9 samples out of 50, 1 errors
22:37:30,6 INFO GCP-c16b: Waiting for function deployment, 10 retries.
22:37:30,253 INFO GCP-c16b: Published new function configuration.
22:37:30,488 INFO GCP-c16b: Redeployed 1 out of 1
22:37:39,336 INFO Experiment.PerfCost-a6e3: Processed 10 samples out of 50, 1 errors
22:38:41,814 INFO GCP-c16b: Waiting for function deployment, 10 retries.
22:38:47,12 INFO GCP-c16b: Published new function configuration.
22:38:47,125 INFO GCP-c16b: Redeployed 1 out of 1
22:38:58,875 INFO Experiment.PerfCost-a6e3: Processed 11 samples out of 50, 1 errors
22:39:58,136 INFO GCP-c16b: Waiting for function deployment, 10 retries.
22:40:06,257 INFO GCP-c16b: Published new function configuration.
22:40:06,374 INFO GCP-c16b: Redeployed 1 out of 1
22:40:15,50 INFO Experiment.PerfCost-a6e3: Processed 12 samples out of 50, 1 errors
22:41:17,224 INFO GCP-c16b: Waiting for function deployment, 10 retries.
22:41:27,478 INFO GCP-c16b: Published new function configuration.
22:41:27,563 INFO GCP-c16b: Redeployed 1 out of 1
22:41:37,200 INFO Experiment.PerfCost-a6e3: Processed 13 samples out of 50, 1 errors
22:42:39,374 INFO GCP-c16b: Waiting for function deployment, 10 retries.
22:42:49,645 INFO GCP-c16b: Published new function configuration.
22:42:49,726 INFO GCP-c16b: Redeployed 1 out of 1
22:43:01,584 INFO Experiment.PerfCost-a6e3: Processed 14 samples out of 50, 1 errors
22:44:00,941 INFO GCP-c16b: Waiting for function deployment, 10 retries.
22:44:06,253 INFO GCP-c16b: Published new function configuration.
22:44:06,340 INFO GCP-c16b: Redeployed 1 out of 1
22:44:17,280 INFO Experiment.PerfCost-a6e3: Processed 15 samples out of 50, 1 errors
22:45:16,484 INFO GCP-c16b: Waiting for function deployment, 10 retries.
22:45:29,745 INFO GCP-c16b: Published new function configuration.
22:45:29,867 INFO GCP-c16b: Redeployed 1 out of 1
22:45:38,609 INFO Experiment.PerfCost-a6e3: Processed 16 samples out of 50, 1 errors
22:46:40,785 INFO GCP-c16b: Waiting for function deployment, 10 retries.
22:46:40,873 INFO GCP-c16b: Published new function configuration.
22:46:40,970 INFO GCP-c16b: Redeployed 1 out of 1
22:46:49,273 INFO Experiment.PerfCost-a6e3: Processed 17 samples out of 50, 1 errors
22:47:48,822 INFO GCP-c16b: Waiting for function deployment, 10 retries.
22:47:58,323 INFO GCP-c16b: Published new function configuration.
22:47:58,441 INFO GCP-c16b: Redeployed 1 out of 1
22:48:06,826 INFO Experiment.PerfCost-a6e3: Processed 18 samples out of 50, 1 errors
22:49:09,399 INFO GCP-c16b: Waiting for function deployment, 10 retries.
22:49:24,902 INFO GCP-c16b: Published new function configuration.
22:49:24,992 INFO GCP-c16b: Redeployed 1 out of 1
22:49:38,614 INFO Experiment.PerfCost-a6e3: Processed 19 samples out of 50, 1 errors
22:50:40,978 INFO GCP-c16b: Waiting for function deployment, 10 retries.
22:50:59,269 INFO GCP-c16b: Published new function configuration.
22:50:59,353 INFO GCP-c16b: Redeployed 1 out of 1
22:51:07,744 INFO Experiment.PerfCost-a6e3: Processed 20 samples out of 50, 1 errors
22:52:09,926 INFO GCP-c16b: Waiting for function deployment, 10 retries.
22:52:15,124 INFO GCP-c16b: Published new function configuration.
22:52:15,202 INFO GCP-c16b: Redeployed 1 out of 1
22:52:23,781 INFO Experiment.PerfCost-a6e3: Processed 21 samples out of 50, 1 errors
22:53:26,249 INFO GCP-c16b: Waiting for function deployment, 10 retries.
22:53:26,343 INFO GCP-c16b: Published new function configuration.
22:53:26,572 INFO GCP-c16b: Redeployed 1 out of 1
22:53:34,894 INFO Experiment.PerfCost-a6e3: Processed 22 samples out of 50, 1 errors
22:54:37,210 INFO GCP-c16b: Waiting for function deployment, 10 retries.
22:54:42,407 INFO GCP-c16b: Published new function configuration.
22:54:42,490 INFO GCP-c16b: Redeployed 1 out of 1
22:54:51,166 INFO Experiment.PerfCost-a6e3: Processed 23 samples out of 50, 1 errors
22:55:53,574 INFO GCP-c16b: Waiting for function deployment, 10 retries.
22:55:58,753 INFO GCP-c16b: Published new function configuration.
22:55:58,836 INFO GCP-c16b: Redeployed 1 out of 1
22:56:10,217 INFO Experiment.PerfCost-a6e3: Processed 24 samples out of 50, 1 errors
22:57:09,582 INFO GCP-c16b: Waiting for function deployment, 10 retries.
22:57:09,663 INFO GCP-c16b: Published new function configuration.
22:57:09,754 INFO GCP-c16b: Redeployed 1 out of 1
22:57:21,223 INFO Experiment.PerfCost-a6e3: Processed 25 samples out of 50, 1 errors
22:58:20,554 INFO GCP-c16b: Waiting for function deployment, 10 retries.
22:58:25,735 INFO GCP-c16b: Published new function configuration.
22:58:25,819 INFO GCP-c16b: Redeployed 1 out of 1
22:58:37,229 INFO Experiment.PerfCost-a6e3: Processed 26 samples out of 50, 1 errors
22:59:26,747 INFO GCP-c16b: Published new function configuration.
22:59:26,825 INFO GCP-c16b: Redeployed 1 out of 1
22:59:35,310 INFO Experiment.PerfCost-a6e3: Processed 27 samples out of 50, 1 errors
23:00:37,567 INFO GCP-c16b: Waiting for function deployment, 10 retries.
23:00:42,734 INFO GCP-c16b: Published new function configuration.
23:00:42,854 INFO GCP-c16b: Redeployed 1 out of 1
23:00:54,921 INFO Experiment.PerfCost-a6e3: Processed 28 samples out of 50, 1 errors
23:01:55,634 INFO GCP-c16b: Waiting for function deployment, 10 retries.
23:02:00,805 INFO GCP-c16b: Published new function configuration.
23:02:00,883 INFO GCP-c16b: Redeployed 1 out of 1
23:02:09,553 INFO Experiment.PerfCost-a6e3: Processed 29 samples out of 50, 1 errors
23:03:01,655 INFO GCP-c16b: Published new function configuration.
23:03:01,737 INFO GCP-c16b: Redeployed 1 out of 1
23:03:10,165 INFO Experiment.PerfCost-a6e3: Processed 30 samples out of 50, 1 errors
23:04:12,343 INFO GCP-c16b: Waiting for function deployment, 10 retries.
23:04:22,606 INFO GCP-c16b: Published new function configuration.
23:04:22,701 INFO GCP-c16b: Redeployed 1 out of 1
23:04:31,378 INFO Experiment.PerfCost-a6e3: Processed 31 samples out of 50, 1 errors
23:05:33,677 INFO GCP-c16b: Waiting for function deployment, 10 retries.
23:05:43,938 INFO GCP-c16b: Published new function configuration.
23:05:44,23 INFO GCP-c16b: Redeployed 1 out of 1
23:05:55,543 INFO Experiment.PerfCost-a6e3: Processed 32 samples out of 50, 1 errors
23:06:54,860 INFO GCP-c16b: Waiting for function deployment, 10 retries.
23:07:02,995 INFO GCP-c16b: Published new function configuration.
23:07:03,76 INFO GCP-c16b: Redeployed 1 out of 1
23:07:12,210 INFO Experiment.PerfCost-a6e3: Processed 33 samples out of 50, 1 errors
23:08:06,749 INFO GCP-c16b: Published new function configuration.
23:08:06,855 INFO GCP-c16b: Redeployed 1 out of 1
23:08:18,519 INFO Experiment.PerfCost-a6e3: Processed 34 samples out of 50, 1 errors
23:09:20,762 INFO GCP-c16b: Waiting for function deployment, 10 retries.
23:09:31,15 INFO GCP-c16b: Published new function configuration.
23:09:31,127 INFO GCP-c16b: Redeployed 1 out of 1
23:09:39,292 INFO Experiment.PerfCost-a6e3: Processed 35 samples out of 50, 1 errors
23:10:39,911 INFO GCP-c16b: Waiting for function deployment, 10 retries.
23:10:53,107 INFO GCP-c16b: Published new function configuration.
23:10:53,194 INFO GCP-c16b: Redeployed 1 out of 1
23:11:01,836 INFO Experiment.PerfCost-a6e3: Processed 36 samples out of 50, 1 errors
23:12:03,912 INFO GCP-c16b: Waiting for function deployment, 10 retries.
23:12:24,491 INFO GCP-c16b: Published new function configuration.
23:12:24,718 INFO GCP-c16b: Redeployed 1 out of 1
23:12:36,314 INFO Experiment.PerfCost-a6e3: Processed 37 samples out of 50, 1 errors
23:13:35,639 INFO GCP-c16b: Waiting for function deployment, 10 retries.
23:13:48,849 INFO GCP-c16b: Published new function configuration.
23:13:48,930 INFO GCP-c16b: Redeployed 1 out of 1
23:13:57,443 INFO Experiment.PerfCost-a6e3: Processed 38 samples out of 50, 1 errors
23:14:54,611 INFO GCP-c16b: Published new function configuration.
23:14:54,692 INFO GCP-c16b: Redeployed 1 out of 1
23:15:02,956 INFO Experiment.PerfCost-a6e3: Processed 39 samples out of 50, 1 errors
23:16:05,171 INFO GCP-c16b: Waiting for function deployment, 10 retries.
23:16:05,266 INFO GCP-c16b: Published new function configuration.
23:16:05,344 INFO GCP-c16b: Redeployed 1 out of 1
23:16:13,890 INFO Experiment.PerfCost-a6e3: Processed 40 samples out of 50, 1 errors
23:17:16,26 INFO GCP-c16b: Waiting for function deployment, 10 retries.
23:17:21,207 INFO GCP-c16b: Published new function configuration.
23:17:21,304 INFO GCP-c16b: Redeployed 1 out of 1
23:17:29,789 INFO Experiment.PerfCost-a6e3: Processed 41 samples out of 50, 1 errors
23:18:18,865 INFO GCP-c16b: Published new function configuration.
23:18:18,950 INFO GCP-c16b: Redeployed 1 out of 1
23:18:30,535 INFO Experiment.PerfCost-a6e3: Processed 42 samples out of 50, 1 errors
23:19:29,661 INFO GCP-c16b: Waiting for function deployment, 10 retries.
23:19:42,844 INFO GCP-c16b: Published new function configuration.
23:19:42,927 INFO GCP-c16b: Redeployed 1 out of 1
23:19:51,730 INFO Experiment.PerfCost-a6e3: Processed 43 samples out of 50, 1 errors
23:20:40,858 INFO GCP-c16b: Published new function configuration.
23:20:40,937 INFO GCP-c16b: Redeployed 1 out of 1
23:20:54,226 INFO Experiment.PerfCost-a6e3: Processed 44 samples out of 50, 1 errors
23:21:56,620 INFO GCP-c16b: Waiting for function deployment, 10 retries.
23:22:01,796 INFO GCP-c16b: Published new function configuration.
23:22:01,891 INFO GCP-c16b: Redeployed 1 out of 1
23:22:10,606 INFO Experiment.PerfCost-a6e3: Processed 45 samples out of 50, 1 errors
23:23:13,849 INFO GCP-c16b: Waiting for function deployment, 10 retries.
23:23:19,166 INFO GCP-c16b: Published new function configuration.
23:23:19,401 INFO GCP-c16b: Redeployed 1 out of 1
23:23:27,514 INFO Experiment.PerfCost-a6e3: Processed 46 samples out of 50, 1 errors
23:24:20,126 INFO GCP-c16b: Published new function configuration.
23:24:20,364 INFO GCP-c16b: Redeployed 1 out of 1
23:24:28,895 INFO Experiment.PerfCost-a6e3: Processed 47 samples out of 50, 1 errors
23:25:23,531 INFO GCP-c16b: Published new function configuration.
23:25:23,755 INFO GCP-c16b: Redeployed 1 out of 1
23:25:35,877 INFO Experiment.PerfCost-a6e3: Processed 48 samples out of 50, 1 errors
23:26:38,591 INFO GCP-c16b: Waiting for function deployment, 10 retries.
23:26:43,759 INFO GCP-c16b: Published new function configuration.
23:26:43,843 INFO GCP-c16b: Redeployed 1 out of 1
23:26:52,775 INFO Experiment.PerfCost-a6e3: Processed 49 samples out of 50, 1 errors
23:27:55,41 INFO GCP-c16b: Waiting for function deployment, 10 retries.
23:28:05,319 INFO GCP-c16b: Published new function configuration.
23:28:05,408 INFO GCP-c16b: Redeployed 1 out of 1
23:28:13,800 INFO Experiment.PerfCost-a6e3: Processed 50 samples out of 50, 1 errors
23:28:18,803 INFO Experiment.PerfCost-a6e3: Mean 4019.3300999999988 [ms], median 3605.7365 [ms], std 1187.1474881181405, CV 29.5359539670091
23:28:18,804 INFO Experiment.PerfCost-a6e3: Parametric CI (Student's t-distribution) 0.95 from 3678.5212150082284 to 4360.13898499177, within 8.479245956727235% of mean
23:28:18,804 INFO Experiment.PerfCost-a6e3: Non-parametric CI 0.95 from 3481.777 to 3731.472, within 3.462468763316456% of median
23:28:18,805 INFO Experiment.PerfCost-a6e3: Parametric CI (Student's t-distribution) 0.99 from 3564.8303494608635 to 4473.829850539134, within 11.307848303853802% of mean
23:28:18,805 INFO Experiment.PerfCost-a6e3: Non-parametric CI 0.99 from 3467.543 to 3836.829, within 5.120812349987306% of median
23:28:22,942 INFO Experiment.PerfCost-a6e3: Begin warm experiments
23:28:30,734 INFO Experiment.PerfCost-a6e3: Processed 0 warm-up samples, ignoring these results.
23:28:43,486 INFO Experiment.PerfCost-a6e3: Processed 1 samples out of 50, 0 errors
23:28:59,73 INFO Experiment.PerfCost-a6e3: Processed 2 samples out of 50, 0 errors
23:29:11,896 INFO Experiment.PerfCost-a6e3: Processed 3 samples out of 50, 0 errors
23:29:24,989 INFO Experiment.PerfCost-a6e3: Processed 4 samples out of 50, 0 errors
23:29:40,935 INFO Experiment.PerfCost-a6e3: Processed 5 samples out of 50, 0 errors
23:29:53,789 INFO Experiment.PerfCost-a6e3: Processed 6 samples out of 50, 0 errors
23:30:09,899 INFO Experiment.PerfCost-a6e3: Processed 7 samples out of 50, 0 errors
23:30:22,834 INFO Experiment.PerfCost-a6e3: Processed 8 samples out of 50, 0 errors
23:30:35,663 INFO Experiment.PerfCost-a6e3: Processed 9 samples out of 50, 0 errors
23:30:51,465 INFO Experiment.PerfCost-a6e3: Processed 10 samples out of 50, 0 errors
23:31:04,289 INFO Experiment.PerfCost-a6e3: Processed 11 samples out of 50, 0 errors
23:31:20,76 INFO Experiment.PerfCost-a6e3: Processed 12 samples out of 50, 0 errors
23:31:33,39 INFO Experiment.PerfCost-a6e3: Processed 13 samples out of 50, 0 errors
23:31:45,989 INFO Experiment.PerfCost-a6e3: Processed 14 samples out of 50, 0 errors
23:32:01,636 INFO Experiment.PerfCost-a6e3: Processed 15 samples out of 50, 0 errors
23:32:14,473 INFO Experiment.PerfCost-a6e3: Processed 16 samples out of 50, 0 errors
23:32:30,332 INFO Experiment.PerfCost-a6e3: Processed 17 samples out of 50, 0 errors
23:32:43,194 INFO Experiment.PerfCost-a6e3: Processed 18 samples out of 50, 0 errors
23:32:55,997 INFO Experiment.PerfCost-a6e3: Processed 19 samples out of 50, 0 errors
23:33:11,849 INFO Experiment.PerfCost-a6e3: Processed 20 samples out of 50, 0 errors
23:33:24,905 INFO Experiment.PerfCost-a6e3: Processed 21 samples out of 50, 0 errors
23:33:40,815 INFO Experiment.PerfCost-a6e3: Processed 22 samples out of 50, 0 errors
23:33:53,657 INFO Experiment.PerfCost-a6e3: Processed 23 samples out of 50, 0 errors
23:34:06,866 INFO Experiment.PerfCost-a6e3: Processed 24 samples out of 50, 0 errors
23:34:22,614 INFO Experiment.PerfCost-a6e3: Processed 25 samples out of 50, 0 errors
23:34:35,439 INFO Experiment.PerfCost-a6e3: Processed 26 samples out of 50, 0 errors
23:34:51,170 INFO Experiment.PerfCost-a6e3: Processed 27 samples out of 50, 0 errors
23:35:04,141 INFO Experiment.PerfCost-a6e3: Processed 28 samples out of 50, 0 errors
23:35:17,309 INFO Experiment.PerfCost-a6e3: Processed 29 samples out of 50, 0 errors
23:35:33,220 INFO Experiment.PerfCost-a6e3: Processed 30 samples out of 50, 0 errors
23:35:46,148 INFO Experiment.PerfCost-a6e3: Processed 31 samples out of 50, 0 errors
23:36:01,974 INFO Experiment.PerfCost-a6e3: Processed 32 samples out of 50, 0 errors
23:36:14,906 INFO Experiment.PerfCost-a6e3: Processed 33 samples out of 50, 0 errors
23:36:27,788 INFO Experiment.PerfCost-a6e3: Processed 34 samples out of 50, 0 errors
23:36:43,601 INFO Experiment.PerfCost-a6e3: Processed 35 samples out of 50, 0 errors
23:36:56,630 INFO Experiment.PerfCost-a6e3: Processed 36 samples out of 50, 0 errors
23:37:12,424 INFO Experiment.PerfCost-a6e3: Processed 37 samples out of 50, 0 errors
23:37:25,298 INFO Experiment.PerfCost-a6e3: Processed 38 samples out of 50, 0 errors
23:37:38,460 INFO Experiment.PerfCost-a6e3: Processed 39 samples out of 50, 0 errors
23:37:54,165 INFO Experiment.PerfCost-a6e3: Processed 40 samples out of 50, 0 errors
23:38:07,194 INFO Experiment.PerfCost-a6e3: Processed 41 samples out of 50, 0 errors
23:38:23,427 INFO Experiment.PerfCost-a6e3: Processed 42 samples out of 50, 0 errors
23:38:36,620 INFO Experiment.PerfCost-a6e3: Processed 43 samples out of 50, 0 errors
23:38:49,462 INFO Experiment.PerfCost-a6e3: Processed 44 samples out of 50, 0 errors
23:39:05,645 INFO Experiment.PerfCost-a6e3: Processed 45 samples out of 50, 0 errors
23:39:18,774 INFO Experiment.PerfCost-a6e3: Processed 46 samples out of 50, 0 errors
23:39:34,653 INFO Experiment.PerfCost-a6e3: Processed 47 samples out of 50, 0 errors
23:39:47,494 INFO Experiment.PerfCost-a6e3: Processed 48 samples out of 50, 0 errors
23:40:00,478 INFO Experiment.PerfCost-a6e3: Processed 49 samples out of 50, 0 errors
23:40:16,644 INFO Experiment.PerfCost-a6e3: Processed 50 samples out of 50, 0 errors
23:40:21,649 INFO Experiment.PerfCost-a6e3: Mean 3460.4006400000007 [ms], median 2944.0305 [ms], std 1133.1697777332708, CV 32.746779798690326
23:40:21,650 INFO Experiment.PerfCost-a6e3: Parametric CI (Student's t-distribution) 0.95 from 3135.0877936005686 to 3785.713486399433, within 9.401016825596013% of mean
23:40:21,650 INFO Experiment.PerfCost-a6e3: Non-parametric CI 0.95 from 2868.578 to 3080.767, within 3.6037160620448714% of median
23:40:21,650 INFO Experiment.PerfCost-a6e3: Parametric CI (Student's t-distribution) 0.99 from 3026.5662711005857 to 3894.235008899416, within 12.537113878796848% of mean
23:40:21,650 INFO Experiment.PerfCost-a6e3: Non-parametric CI 0.99 from 2855.56 to 3155.546, within 5.094818141320205% of median
